09-18 10:20:13.907 31805 31805 I hexagon_e2e_test: vendor/qcom/proprietary/adsprpc/src/rpcmem_android.c:210: set up allocator 0xb400007488c1c450 for DMA buf heap system, ION heap system, heap mask 0x2000000, flags 0x1, legacy flags 0x1
09-18 10:20:13.907 31805 31805 I hexagon_e2e_test: vendor/qcom/proprietary/adsprpc/src/fastrpc_config.c:336: Reading configuration file: hexagon_e2e_test.debugconfig
09-18 10:20:13.907 31805 31805 I hexagon_e2e_test: vendor/qcom/proprietary/adsprpc/src/fastrpc_config.c:367: fastrpc_config_init: Couldn't find file hexagon_e2e_test.debugconfig, errno (No such file or directory) at /data/local/tmp/nntr_htp, /vendor/lib64/rfs/dsp, /vendor/lib/rfsa/adsp, 
09-18 10:20:13.907 31805 31805 I hexagon_e2e_test: vendor/qcom/proprietary/adsprpc/src/fastrpc_apps_user.c:4957: fastrpc_apps_user_init done  with default domain:3 and &fastrpc_trace:0x7558dfa680
09-18 10:20:13.907 31805 31805 I hexagon_e2e_test: vendor/qcom/proprietary/adsprpc/src/fastrpc_apps_user.c:5071: multidsplib_env_init: libcdsprpc.so loaded
09-18 10:20:14.078 31805 31805 I hexagon_e2e_test: vendor/qcom/proprietary/adsprpc/src/fastrpc_apps_user.c:2890: remote_session_control Unsigned PD enable 1 request for domain 3
09-18 10:20:14.078 31805 31805 I hexagon_e2e_test: vendor/qcom/proprietary/adsprpc/src/fastrpc_apps_user.c:2332: Info: remote_get_info capability of attribute 133 for domain 3 is 1
09-18 10:20:14.078 31805 31805 I hexagon_e2e_test: vendor/qcom/proprietary/adsprpc/src/fastrpc_apps_user.c:3706: close_device_node: closed dev 10 on domain 3
09-18 10:20:14.078 31805 31805 E hexagon_e2e_test: vendor/qcom/proprietary/adsprpc/src/fastrpc_apps_user.c:3868: Error 0xd: open_shell failed for domain 3 search paths used are /usr/lib/dsp/, /vendor/dsp/, /vendor/dsp/xdsp/ (errno Permission denied)
09-18 10:20:14.078 31805 31805 W libc    : Access denied finding property "persist.vendor.fastrpc.process.attrs"
09-18 10:20:14.078 31805 31805 W libc    : Access denied finding property "persist.vendor.fastrpc.process.clockvote"
09-18 10:20:14.080  2390  2407 I cdsprpcd: vendor/qcom/proprietary/adsprpc/src/apps_std_imp.c:1023: Successfully opened file /vendor/dsp/cdsp/fastrpc_shell_unsigned_3
09-18 10:20:14.102 31805 31805 I hexagon_e2e_test: vendor/qcom/proprietary/adsprpc/src/fastrpc_apps_user.c:3948: Created user PD on domain 3, dbg_trace 0x0, enabled attr=> RPC timeout:0, Dbg Mode:N, CRC:N, Unsigned:Y, Signed:N, Adapt QOS:N, PD dump: (Config:N, Dbg:N), Perf: (Kernel:N, DSP:N), Iregion:N, QTF:N, UAF:N userPD initmem len:0x500000, Log pkt: N
09-18 10:20:14.103 31805 31805 E hexagon_e2e_test: vendor/qcom/proprietary/adsprpc/src/fastrpc_apps_user.c:3903: Error 0xffffffff: fastrpc_enable_kernel_optimizations failed for domain 3 (Bad address)
09-18 10:20:14.103 31805 31806 I hexagon_e2e_test: vendor/qcom/proprietary/adsprpc/src/listener_android.c:119: listener thread starting
09-18 10:20:14.103 31805 31805 E hexagon_e2e_test: vendor/qcom/proprietary/adsprpc/src/log_config.c:608:Error : Unable to add watcher for folder /vendor/lib64/rfs/dsp : errno is Permission denied
09-18 10:20:14.103 31805 31805 E hexagon_e2e_test: vendor/qcom/proprietary/adsprpc/src/log_config.c:608:Error : Unable to add watcher for folder /vendor/lib/rfsa/adsp : errno is Permission denied
09-18 10:20:14.103 31805 31805 I hexagon_e2e_test: vendor/qcom/proprietary/adsprpc/src/fastrpc_perf.c:292: fastrpc_perf_init: enabled systrace 0x0 and RPC traces (kernel 0, dsp 0) with frequency 1000
09-18 10:20:14.103 31805 31805 I hexagon_e2e_test: vendor/qcom/proprietary/adsprpc/src/fastrpc_apps_user.c:2332: Info: remote_get_info capability of attribute 129 for domain 3 is 1
09-18 10:20:14.103 31805 31807 I hexagon_e2e_test: vendor/qcom/proprietary/adsprpc/src/log_config.c:360: file_watcher_thread starting for domain 3
09-18 10:20:14.103 31805 31806 I hexagon_e2e_test: vendor/qcom/proprietary/adsprpc/src/mod_table.c:701: open_mod_table_open_from_static: reverse module apps_mem opened with handle 0x58dfd3e8 (idx 0)
09-18 10:20:14.104 31805 31806 I hexagon_e2e_test: vendor/qcom/proprietary/adsprpc/src/mod_table.c:701: open_mod_table_open_from_static: reverse module apps_std opened with handle 0x58dfd4e8 (idx 1)
09-18 10:20:14.104 31805 31806 I hexagon_e2e_test: vendor/qcom/proprietary/adsprpc/src/fastrpc_apps_user.c:2332: Info: remote_get_info capability of attribute 258 for domain 3 is 1
09-18 10:20:14.104 31805 31806 D hexagon_e2e_test: vendor/qcom/proprietary/adsprpc/src/apps_std_imp.c:382: apps_std_fopen_fd done for /data/local/tmp/nntr_htp/cdsp/./libnntr_htp_skel.so with       fopen:4us, read:0us, rpc_alloc:0us,       mmap:0us fd 0x0 error_code 0x2
09-18 10:20:14.105 31805 31806 D hexagon_e2e_test: vendor/qcom/proprietary/adsprpc/src/apps_std_imp.c:382: apps_std_fopen_fd done for /data/local/tmp/nntr_htp/./libnntr_htp_skel.so with       fopen:9us, read:14us, rpc_alloc:12us,       mmap:110us fd 0x13 error_code 0x0
09-18 10:20:14.105 31805 31806 I hexagon_e2e_test: vendor/qcom/proprietary/adsprpc/src/apps_std_imp.c:1160: Successfully opened file /data/local/tmp/nntr_htp/./libnntr_htp_skel.so
09-18 10:20:14.105 31805 31807 E hexagon_e2e_test: vendor/qcom/proprietary/adsprpc/src/log_config.c:206:Found hexagon_e2e_test.farf. adspmsgd enabled 
09-18 10:20:14.105 31805 31808 V adsprpc : 1637b:b04: CDSP0:[SU]: PERF:name:./libnntr_htp_skel.so, dl:1800us, load:1617us, n_load:1us, reloc:173us,fopen :1us, hdr_mmap:0us, seg_mmap:37us, unmap:1us, memio_fopen:1528us
09-18 10:20:14.105 31805 31808 V adsprpc : 1637b:b04: CDSP0:[SU]: PERF: name:./libnntr_htp_skel.so, segment:0, fileread:27 us, streamverify:0 us, ctor:1 us, relocate_symbol : 172
09-18 10:20:14.105 31805 31808 V adsprpc : 1637b:b04: CDSP0:[SU]: PERF: name:./libnntr_htp_skel.so, segment:1, fileread:1 us, streamverify:0 us
09-18 10:20:14.105 31805 31808 V adsprpc : 1637b:b04: CDSP0:[SU]: nntr_htp: open, abi v4
09-18 10:20:14.105 31805 31808 V adsprpc : 1637b:b04: CDSP0:[SU]: open_mod_table_open_dynamic: Module libnntr_htp_skel.so opened with handle 0x2d32a0
09-18 10:20:14.105 31805 31808 V adsprpc : 1637b:b04: CDSP0:[SU]: Reset loading vote for libnntr_htp_skel.so
09-18 10:20:14.105 31805 31808 V adsprpc : 16384:b04: CDSP0:[SU]: fastrpc_uthread_create done for tidQ 0x15376, tidA 31808 (fr/3002/31808/3), stack 0x00367950 (size 16384), prio 192
09-18 10:20:14.105 31805 31805 I hexagon_e2e_test: vendor/qcom/proprietary/adsprpc/src/fastrpc_apps_user.c:1800: remote_handle64_open: opened handle 0xb4000074c8c120d0 (remote 0x2d32a0) for file:///libnntr_htp_skel.so?nntr_htp_skel_handle_invoke&_modver=1.0&_dom=cdsp on domain 3 (spawn time 24683 us, load time 2685 us), refs 1
09-18 10:20:14.106 31805 31808 V adsprpc : 16380:b04: CDSP0:[SU]: adsp_process_group_mem_map pgid 3002 flags 0x3 fd 6 vaddr 0x72a505a000 pageSize 16
09-18 10:20:14.106 31805 31808 V adsprpc : 16380:b04: CDSP0:[SU]: fastrpc_invoke_static_map_fd_alloc: fd=6, offset=0, start=5dbc00000, size=23b6d000 flags 3
09-18 10:20:14.115 31805 31808 V adsprpc : 16380:b04: CDSP0:[SU]: adsp_process_group_mem_map pgid 3002 flags 0x3 fd 7 vaddr 0x728825a000 pageSize 16
09-18 10:20:14.115 31805 31808 V adsprpc : 16380:b04: CDSP0:[SU]: fastrpc_invoke_static_map_fd_alloc: fd=7, offset=0, start=5bee00000, size=1ce00000 flags 3
09-18 10:20:14.116 31805 31808 V adsprpc : 16380:b04: CDSP0:[SU]: adsp_process_group_mem_map pgid 3002 flags 0x3 fd 8 vaddr 0x7287e9a000 pageSize 16
09-18 10:20:14.116 31805 31808 V adsprpc : 16380:b04: CDSP0:[SU]: fastrpc_invoke_static_map_fd_alloc: fd=8, offset=0, start=5bea00000, size=3c0000 flags 3
09-18 10:20:14.116 31805 31808 V adsprpc : 1637b:b04: CDSP0:[SU]: fastrpc_invoke_fd_mmap_create: fd 6 flags 0 offset 0 size 23b6c600
09-18 10:20:14.116 31805 31808 V adsprpc : 1637b:b04: CDSP0:[SU]: fastrpc_invoke_fd_mmap_create: fd 7 flags 0 offset 0 size 1ce00000
09-18 10:20:14.116 31805 31808 V adsprpc : 1637b:b04: CDSP0:[SU]: fastrpc_invoke_fd_mmap_create: fd 8 flags 0 offset 0 size 3c0000
09-18 10:20:14.117 31805 31808 V adsprpc : 16380:b04: CDSP0:[SU]: adsp_process_group_mem_map pgid 3002 flags 0x1000 fd -1 vaddr 0x72849b9000 pageSize 16
09-18 10:20:14.117 31805 31808 V adsprpc : 1637b:b04: CDSP0:[SU]: HAP_compute_res_acquire: priority: 192, size 0x400000, pagesize 0x0, HMX 0, Serialize 0, cached 0,
09-18 10:20:14.117 31805 31808 V adsprpc : 1637b:b04: CDSP0:[SU]: HAP_compute_res_acquire: context 0x74054c30, result 0
09-18 10:20:14.117 31805 31808 V adsprpc : 1637b:b04: CDSP0:[SU]: nntr_htp: init ok, weights=599180800 kv=484442112 act=3932160 n_ops=451
09-18 10:20:14.118 31805 31808 V adsprpc : 16380:b04: CDSP0:[SU]: adsp_process_group_mem_map pgid 3002 flags 0x0 fd 9 vaddr 0x7287e05000 pageSize 16
09-18 10:23:02.272 31805 31805 I hexagon_e2e_test: vendor/qcom/proprietary/adsprpc/src/fastrpc_apps_user.c:3504: domain_deinit for domain 3: dev 10
09-18 10:23:02.272 31805 31808 V adsprpc : 16380:b04: CDSP0:[SU]: adsp_process_group_mem_unmap: uprocess pgid 3002 fd 9 raddr fbfc0000 flags 65535
09-18 10:23:02.272 31805 31808 V adsprpc : 16380:b04: CDSP0:[SU]: adsp_process_group_mem_unmap found map for fd 9 buf 0xfbfc0000 len 0x94600 flags 0x0
09-18 10:23:02.273 31805 31808 V adsprpc : 1637b:b04: CDSP0:[SU]: fastrpc_uprocess_listener_exit: waking listener
09-18 10:23:02.273 31805 31808 V adsprpc : 1637d:b04: CDSP0:[SU]: Error 0x8000040d: open_mod_table_handle_invoke failed for handle 0x7, sc 0x6020200
09-18 10:23:02.273 31805 31806 I hexagon_e2e_test: vendor/qcom/proprietary/adsprpc/src/fastrpc_apps_user.c:2332: Info: remote_get_info capability of attribute 257 for domain 3 is 1
09-18 10:23:02.274 31805 31807 W hexagon_e2e_test: vendor/qcom/proprietary/adsprpc/src/log_config.c:394:Warning: file_watcher_thread received exit for domain 3, file hexagon_e2e_test.farf
09-18 10:23:02.274 31805 31807 I hexagon_e2e_test: vendor/qcom/proprietary/adsprpc/src/log_config.c:446: file_watcher_thread exiting for domain 3
09-18 10:23:02.275 31805 31808 I hexagon_e2e_test: vendor/qcom/proprietary/adsprpc/src/adspmsgd.c:91: adspmsgd_reader thread exiting for domain 3
09-18 10:23:02.275 31805 31805 I hexagon_e2e_test: vendor/qcom/proprietary/adsprpc/src/mod_table.c:792: open_mod_table_close: closed reverse module apps_std with handle 0x58dfd4e8
09-18 10:23:02.275 31805 31805 I hexagon_e2e_test: vendor/qcom/proprietary/adsprpc/src/mod_table.c:792: open_mod_table_close: closed reverse module apps_mem with handle 0x58dfd3e8
09-18 10:23:02.281 31805 31805 I hexagon_e2e_test: vendor/qcom/proprietary/adsprpc/src/fastrpc_apps_user.c:3706: close_device_node: closed dev 10 on domain 3
09-18 10:23:02.281 31805 31805 I hexagon_e2e_test: vendor/qcom/proprietary/adsprpc/src/fastrpc_apps_user.c:3548: domain_deinit: closed device 10 on domain 3 (kill time 5816 us)
09-18 10:23:02.281 31805 31805 I hexagon_e2e_test: vendor/qcom/proprietary/adsprpc/src/fastrpc_apps_user.c:1920: remote_handle64_close: closed handle 0xb4000074c8c120d0 remote handle 0x2d32a0 name libnntr_htp_skel.so, refs 0 domain 3
09-18 10:23:02.281 31805 31805 I hexagon_e2e_test: vendor/qcom/proprietary/adsprpc/src/fastrpc_apps_user.c:1688: List of open handles on domain 3:
