E2E init ok weights=599180800 kv=484442112 act=3932160 n_ops=451
E2E logits_mem static
E2E step 0 pos=0 n=128 pcycles=795059038 us=460060 top1=-1 logprob=0.000000
E2E step 1 pos=128 n=128 pcycles=954508062 us=453206 top1=-1 logprob=0.000000
E2E step 2 pos=256 n=128 pcycles=1192915144 us=567751 top1=-1 logprob=0.000000
E2E step 3 pos=384 n=128 pcycles=2187110211 us=1038629 top1=-1 logprob=0.000000
E2E step 4 pos=512 n=128 pcycles=2754579244 us=1307590 top1=-1 logprob=0.000000
E2E step 5 pos=640 n=128 pcycles=3111261029 us=1474029 top1=-1 logprob=0.000000
E2E step 6 pos=768 n=128 pcycles=3553727396 us=1685782 top1=-1 logprob=0.000000
E2E step 7 pos=896 n=128 pcycles=4216707667 us=2000067 top1=-1 logprob=0.000000
E2E step 8 pos=1024 n=128 pcycles=4699461837 us=2227811 top1=-1 logprob=0.000000
E2E step 9 pos=1152 n=128 pcycles=5398829766 us=2559539 top1=-1 logprob=0.000000
E2E step 10 pos=1280 n=128 pcycles=6204656237 us=2938761 top1=-1 logprob=0.000000
E2E step 11 pos=1408 n=128 pcycles=7148165124 us=3385293 top1=-1 logprob=0.000000
E2E step 12 pos=1536 n=128 pcycles=7910827439 us=3748885 top1=-1 logprob=0.000000
E2E step 13 pos=1664 n=128 pcycles=8658792681 us=4103142 top1=-1 logprob=0.000000
E2E step 14 pos=1792 n=128 pcycles=9308568174 us=4408061 top1=-1 logprob=0.000000
E2E step 15 pos=1920 n=128 pcycles=10161528575 us=4814612 top1=-1 logprob=0.000000
E2E step 16 pos=2048 n=128 pcycles=11123773437 us=5270192 top1=-1 logprob=0.000000
E2E step 17 pos=2176 n=128 pcycles=11807197405 us=5593789 top1=-1 logprob=0.000000
E2E step 18 pos=2304 n=128 pcycles=12466936074 us=5906154 top1=-1 logprob=0.000000
E2E step 19 pos=2432 n=128 pcycles=13187356645 us=6246031 top1=-1 logprob=0.000000
E2E step 20 pos=2560 n=128 pcycles=13319404542 us=6309806 top1=-1 logprob=0.000000
E2E step 21 pos=2688 n=128 pcycles=14191166240 us=6720195 top1=-1 logprob=0.000000
E2E step 22 pos=2816 n=128 pcycles=15032238305 us=7120802 top1=-1 logprob=0.000000
E2E step 23 pos=2944 n=128 pcycles=15746070941 us=7456270 top1=-1 logprob=0.000000
E2E step 24 pos=3072 n=128 pcycles=16601956149 us=7861637 top1=-1 logprob=0.000000
E2E step 25 pos=3200 n=128 pcycles=17609995097 us=8341349 top1=-1 logprob=0.000000
E2E step 26 pos=3328 n=128 pcycles=18340558743 us=8687226 top1=-1 logprob=0.000000
E2E step 27 pos=3456 n=128 pcycles=18876474967 us=8940983 top1=-1 logprob=0.000000
E2E step 28 pos=3584 n=128 pcycles=19573104486 us=9270281 top1=-1 logprob=0.000000
E2E step 29 pos=3712 n=128 pcycles=20536255281 us=9726861 top1=-1 logprob=0.000000
E2E step 30 pos=3840 n=128 pcycles=21311256128 us=10093801 top1=-1 logprob=0.000000
E2E step 31 pos=3968 n=128 pcycles=21848399057 us=10348136 top1=-1 logprob=0.000000
E2E step 32 pos=4096 n=1 pcycles=225341493 us=107544 top1=785 logprob=0.000000
E2E step 33 pos=4097 n=1 pcycles=225327394 us=107516 top1=2310 logprob=0.000000
E2E step 34 pos=4098 n=1 pcycles=225271365 us=109827 top1=39006 logprob=0.000000
E2E step 35 pos=4099 n=1 pcycles=225251832 us=109741 top1=1555 logprob=0.000000
E2E step 36 pos=4100 n=1 pcycles=225303154 us=109898 top1=26555 logprob=0.000000
E2E step 37 pos=4101 n=1 pcycles=225375669 us=107540 top1=1181 logprob=0.000000
E2E step 38 pos=4102 n=1 pcycles=225303428 us=109926 top1=1616 logprob=0.000000
E2E step 39 pos=4103 n=1 pcycles=225189706 us=109848 top1=700 logprob=0.000000
E2E step 40 pos=4104 n=1 pcycles=225296739 us=110371 top1=315 logprob=0.000000
E2E step 41 pos=4105 n=1 pcycles=225344255 us=109888 top1=279 logprob=0.000000
E2E step 42 pos=4106 n=1 pcycles=225165738 us=109987 top1=6722 logprob=0.000000
E2E step 43 pos=4107 n=1 pcycles=225376160 us=109956 top1=1101 logprob=0.000000
E2E step 44 pos=4108 n=1 pcycles=225369817 us=109948 top1=1283 logprob=0.000000
E2E step 45 pos=4109 n=1 pcycles=225358148 us=109961 top1=63819 logprob=0.000000
E2E step 46 pos=4110 n=1 pcycles=225415617 us=107569 top1=11 logprob=0.000000
E2E step 47 pos=4111 n=1 pcycles=225577311 us=110041 top1=30159 logprob=0.000000
E2E step 48 pos=4112 n=1 pcycles=225561467 us=110036 top1=1948 logprob=0.000000
E2E step 49 pos=4113 n=1 pcycles=225530924 us=107467 top1=82173 logprob=0.000000
E2E step 50 pos=4114 n=1 pcycles=225635321 us=110073 top1=6693 logprob=0.000000
E2E step 51 pos=4115 n=1 pcycles=225660799 us=110063 top1=44353 logprob=0.000000
E2E step 52 pos=4116 n=1 pcycles=225719486 us=110147 top1=768 logprob=0.000000
E2E step 53 pos=4117 n=1 pcycles=225659208 us=107707 top1=657 logprob=0.000000
E2E step 54 pos=4118 n=1 pcycles=225712189 us=110056 top1=76295 logprob=0.000000
E2E step 55 pos=4119 n=1 pcycles=225692613 us=110106 top1=2058 logprob=0.000000
E2E step 56 pos=4120 n=1 pcycles=225692250 us=107770 top1=5644 logprob=0.000000
E2E step 57 pos=4121 n=1 pcycles=225753656 us=110270 top1=279 logprob=0.000000
E2E step 58 pos=4122 n=1 pcycles=225703492 us=107696 top1=3729 logprob=0.000000
E2E step 59 pos=4123 n=1 pcycles=225707504 us=110103 top1=594 logprob=0.000000
E2E step 60 pos=4124 n=1 pcycles=225852910 us=110166 top1=40269 logprob=0.000000
E2E step 61 pos=4125 n=1 pcycles=225868149 us=107834 top1=2090 logprob=0.000000
E2E step 62 pos=4126 n=1 pcycles=225837785 us=109730 top1=13 logprob=0.000000
E2E step 63 pos=4127 n=1 pcycles=225842732 us=110034 top1=9970 logprob=0.000000
E2E step 64 pos=4128 n=1 pcycles=226047636 us=110271 top1=14886 logprob=0.000000
E2E step 65 pos=4129 n=1 pcycles=225975943 us=110336 top1=17320 logprob=0.000000
E2E step 66 pos=4130 n=1 pcycles=226093098 us=110398 top1=862 logprob=0.000000
E2E step 67 pos=4131 n=1 pcycles=226211111 us=110332 top1=2241 logprob=0.000000
E2E step 68 pos=4132 n=1 pcycles=226142589 us=110315 top1=35810 logprob=0.000000
E2E step 69 pos=4133 n=1 pcycles=226089633 us=107767 top1=2348 logprob=0.000000
E2E step 70 pos=4134 n=1 pcycles=226288243 us=110365 top1=279 logprob=0.000000
E2E step 71 pos=4135 n=1 pcycles=226127638 us=110721 top1=9255 logprob=0.000000
E2E step 72 pos=4136 n=1 pcycles=226176056 us=110329 top1=8991 logprob=0.000000
E2E step 73 pos=4137 n=1 pcycles=226161307 us=110265 top1=11 logprob=0.000000
E2E step 74 pos=4138 n=1 pcycles=226116679 us=110631 top1=10099 logprob=0.000000
E2E step 75 pos=4139 n=1 pcycles=226202593 us=110340 top1=279 logprob=0.000000
E2E step 76 pos=4140 n=1 pcycles=226385672 us=108033 top1=3283 logprob=0.000000
E2E step 77 pos=4141 n=1 pcycles=226308442 us=107723 top1=72639 logprob=0.000000
E2E step 78 pos=4142 n=1 pcycles=226412138 us=110488 top1=1119 logprob=0.000000
E2E step 79 pos=4143 n=1 pcycles=226311814 us=110391 top1=36967 logprob=0.000000
E2E step 80 pos=4144 n=1 pcycles=226335588 us=107934 top1=8785 logprob=0.000000
E2E step 81 pos=4145 n=1 pcycles=226767606 us=110716 top1=36741 logprob=0.000000
E2E step 82 pos=4146 n=1 pcycles=225952635 us=107786 top1=323 logprob=0.000000
E2E step 83 pos=4147 n=1 pcycles=225992745 us=110259 top1=1221 logprob=0.000000
E2E step 84 pos=4148 n=1 pcycles=225984746 us=110237 top1=1119 logprob=0.000000
E2E step 85 pos=4149 n=1 pcycles=226010463 us=107704 top1=1787 logprob=0.000000
E2E step 86 pos=4150 n=1 pcycles=225993075 us=110239 top1=5043 logprob=0.000000
E2E step 87 pos=4151 n=1 pcycles=226022582 us=110251 top1=1380 logprob=0.000000
E2E step 88 pos=4152 n=1 pcycles=225932167 us=109399 top1=8600 logprob=0.000000
E2E step 89 pos=4153 n=1 pcycles=226050803 us=110303 top1=1185 logprob=0.000000
E2E step 90 pos=4154 n=1 pcycles=225983603 us=107772 top1=2185 logprob=0.000000
E2E step 91 pos=4155 n=1 pcycles=226183548 us=110354 top1=3347 logprob=0.000000
E2E step 92 pos=4156 n=1 pcycles=226023602 us=110346 top1=916 logprob=0.000000
E2E step 93 pos=4157 n=1 pcycles=226270456 us=107749 top1=6978 logprob=0.000000
E2E step 94 pos=4158 n=1 pcycles=226197491 us=110338 top1=315 logprob=0.000000
E2E gen 785 2310 39006 1555 26555 1181 1616 700 315 279 6722 1101 1283 63819 11 30159 1948 82173 6693 44353 768 657 76295 2058 5644 279 3729 594 40269 2090 13 9970 14886 17320 862 2241 35810 2348 279 9255 8991 11 10099 279 3283 72639 1119 36967 8785 36741 323 1221 1119 1787 5043 1380 8600 1185 2185 3347 916 6978 315 80717
E2E decode steps=63 median_us=110041 median_pcycles=225868149 pcycles_per_us=2052.5818
E2E wall_ms 168153
