E2E init ok weights=598623744 kv=234881024 act=3932160 n_ops=451
E2E logits_mem malloc
E2E step 0 pos=0 n=128 pcycles=957775055 us=536613 top1=-1 logprob=0.000000
E2E step 1 pos=128 n=128 pcycles=1360454067 us=647114 top1=-1 logprob=0.000000
E2E step 2 pos=256 n=128 pcycles=1744783542 us=826927 top1=-1 logprob=0.000000
E2E step 3 pos=384 n=128 pcycles=2121638492 us=1007076 top1=-1 logprob=0.000000
E2E step 4 pos=512 n=1 pcycles=78257912 us=40089 top1=13629 logprob=0.000000
E2E step 5 pos=513 n=1 pcycles=78411813 us=37831 top1=43765 logprob=0.000000
E2E step 6 pos=514 n=1 pcycles=73255952 us=37749 top1=279 logprob=0.000000
E2E step 7 pos=515 n=1 pcycles=69987486 us=36077 top1=32011 logprob=0.000000
E2E step 8 pos=516 n=1 pcycles=67482654 us=34902 top1=22172 logprob=0.000000
E2E step 9 pos=517 n=1 pcycles=67612495 us=34977 top1=448 logprob=0.000000
E2E step 10 pos=518 n=1 pcycles=67545439 us=34937 top1=264 logprob=0.000000
E2E step 11 pos=519 n=1 pcycles=67664610 us=34991 top1=8205 logprob=0.000000
E2E step 12 pos=520 n=1 pcycles=67603739 us=34964 top1=15289 logprob=0.000000
E2E step 13 pos=521 n=1 pcycles=67618251 us=32775 top1=11 logprob=0.000000
E2E step 14 pos=522 n=1 pcycles=67609001 us=34954 top1=323 logprob=0.000000
E2E step 15 pos=523 n=1 pcycles=67739928 us=35009 top1=279 logprob=0.000000
E2E step 16 pos=524 n=1 pcycles=67649175 us=34464 top1=5426 logprob=0.000000
E2E step 17 pos=525 n=1 pcycles=67711334 us=34899 top1=6009 logprob=0.000000
E2E step 18 pos=526 n=1 pcycles=67790772 us=35056 top1=1181 logprob=0.000000
E2E step 19 pos=527 n=1 pcycles=67749077 us=34040 top1=11618 logprob=0.000000
E2E step 20 pos=528 n=1 pcycles=67706279 us=32872 top1=1119 logprob=0.000000
E2E step 21 pos=529 n=1 pcycles=67932370 us=35098 top1=279 logprob=0.000000
E2E step 22 pos=530 n=1 pcycles=67730314 us=35019 top1=9788 logprob=0.000000
E2E step 23 pos=531 n=1 pcycles=67959702 us=35114 top1=382 logprob=0.000000
E2E step 24 pos=532 n=1 pcycles=67889203 us=35104 top1=785 logprob=0.000000
E2E step 25 pos=533 n=1 pcycles=68032809 us=35180 top1=21085 logprob=0.000000
E2E step 26 pos=534 n=1 pcycles=67848498 us=35093 top1=374 logprob=0.000000
E2E step 27 pos=535 n=1 pcycles=67966442 us=35135 top1=5326 logprob=0.000000
E2E step 28 pos=536 n=1 pcycles=68014945 us=34820 top1=304 logprob=0.000000
E2E step 29 pos=537 n=1 pcycles=67967402 us=33762 top1=264 logprob=0.000000
E2E step 30 pos=538 n=1 pcycles=68107425 us=34699 top1=1707 logprob=0.000000
E2E step 31 pos=539 n=1 pcycles=68069864 us=33197 top1=429 logprob=0.000000
E2E step 32 pos=540 n=1 pcycles=68120162 us=35697 top1=374 logprob=0.000000
E2E step 33 pos=541 n=1 pcycles=68108486 us=35688 top1=1112 logprob=0.000000
E2E step 34 pos=542 n=1 pcycles=68020350 us=35660 top1=30 logprob=0.000000
E2E step 35 pos=543 n=1 pcycles=68073395 us=35687 top1=4710 logprob=0.000000
E2E step 36 pos=544 n=1 pcycles=68163764 us=35723 top1=32 logprob=0.000000
E2E step 37 pos=545 n=1 pcycles=68194424 us=35745 top1=13 logprob=0.000000
E2E step 38 pos=546 n=1 pcycles=68227483 us=34743 top1=362 logprob=0.000000
E2E step 39 pos=547 n=1 pcycles=68533195 us=33263 top1=52844 logprob=0.000000
E2E step 40 pos=548 n=1 pcycles=68691251 us=35834 top1=1707 logprob=0.000000
E2E step 41 pos=549 n=1 pcycles=68293412 us=35790 top1=315 logprob=0.000000
E2E step 42 pos=550 n=1 pcycles=68409015 us=35988 top1=5821 logprob=0.000000
E2E step 43 pos=551 n=1 pcycles=68277316 us=35917 top1=4378 logprob=0.000000
E2E step 44 pos=552 n=1 pcycles=68397993 us=36029 top1=198 logprob=0.000000
E2E step 45 pos=553 n=1 pcycles=68432828 us=35879 top1=33 logprob=0.000000
E2E step 46 pos=554 n=1 pcycles=68401332 us=33517 top1=13 logprob=0.000000
E2E step 47 pos=555 n=1 pcycles=68330954 us=35819 top1=362 logprob=0.000000
E2E step 48 pos=556 n=1 pcycles=68343225 us=35813 top1=19221 logprob=0.000000
E2E step 49 pos=557 n=1 pcycles=68434704 us=35255 top1=1707 logprob=0.000000
E2E step 50 pos=558 n=1 pcycles=68678314 us=33612 top1=315 logprob=0.000000
E2E step 51 pos=559 n=1 pcycles=68555667 us=35924 top1=5821 logprob=0.000000
E2E step 52 pos=560 n=1 pcycles=68566530 us=35923 top1=4378 logprob=0.000000
E2E step 53 pos=561 n=1 pcycles=68501999 us=35960 top1=198 logprob=0.000000
E2E step 54 pos=562 n=1 pcycles=68445206 us=35894 top1=34 logprob=0.000000
E2E step 55 pos=563 n=1 pcycles=68496401 us=33869 top1=13 logprob=0.000000
E2E step 56 pos=564 n=1 pcycles=68501320 us=35874 top1=362 logprob=0.000000
E2E step 57 pos=565 n=1 pcycles=68545349 us=33561 top1=52844 logprob=0.000000
E2E step 58 pos=566 n=1 pcycles=68638463 us=35967 top1=1707 logprob=0.000000
E2E step 59 pos=567 n=1 pcycles=68503436 us=35976 top1=315 logprob=0.000000
E2E step 60 pos=568 n=1 pcycles=68623621 us=36167 top1=16989 logprob=0.000000
E2E step 61 pos=569 n=1 pcycles=68569041 us=35959 top1=198 logprob=0.000000
E2E step 62 pos=570 n=1 pcycles=68622666 us=35950 top1=35 logprob=0.000000
E2E step 63 pos=571 n=1 pcycles=68699088 us=36093 top1=13 logprob=0.000000
E2E step 64 pos=572 n=1 pcycles=68691661 us=36052 top1=362 logprob=0.000000
E2E step 65 pos=573 n=1 pcycles=68995066 us=33465 top1=19221 logprob=0.000000
E2E step 66 pos=574 n=1 pcycles=69147051 us=33938 top1=1707 logprob=0.000000
E2E gen 13629 43765 279 32011 22172 448 264 8205 15289 11 323 279 5426 6009 1181 11618 1119 279 9788 382 785 21085 374 5326 304 264 1707 429 374 1112 30 4710 32 13 362 52844 1707 315 5821 4378 198 33 13 362 19221 1707 315 5821 4378 198 34 13 362 52844 1707 315 16989 198 35 13 362 19221 1707 315
E2E decode steps=63 median_us=35180 median_pcycles=68277316 pcycles_per_us=1940.7992
E2E wall_ms 5366
