E2E init ok weights=598623744 kv=234881024 act=3932160 n_ops=451
E2E logits_mem malloc
E2E step 0 pos=0 n=128 pcycles=907531931 us=495920 top1=-1 logprob=0.000000
E2E step 1 pos=128 n=128 pcycles=1227226901 us=584762 top1=-1 logprob=0.000000
E2E step 2 pos=256 n=128 pcycles=1552603979 us=738988 top1=-1 logprob=0.000000
E2E step 3 pos=384 n=128 pcycles=1977701942 us=940201 top1=-1 logprob=0.000000
E2E step 4 pos=512 n=1 pcycles=81213258 us=42086 top1=13629 logprob=0.000000
E2E step 5 pos=513 n=1 pcycles=81117335 us=41998 top1=43765 logprob=0.000000
E2E step 6 pos=514 n=1 pcycles=81034854 us=41956 top1=279 logprob=0.000000
E2E step 7 pos=515 n=1 pcycles=81300536 us=39665 top1=32011 logprob=0.000000
E2E step 8 pos=516 n=1 pcycles=81255968 us=42082 top1=22172 logprob=0.000000
E2E step 9 pos=517 n=1 pcycles=81306527 us=42081 top1=448 logprob=0.000000
E2E step 10 pos=518 n=1 pcycles=81269202 us=42096 top1=264 logprob=0.000000
E2E step 11 pos=519 n=1 pcycles=81339939 us=42106 top1=8205 logprob=0.000000
E2E step 12 pos=520 n=1 pcycles=81304961 us=40277 top1=15289 logprob=0.000000
E2E step 13 pos=521 n=1 pcycles=74515961 us=38803 top1=11 logprob=0.000000
E2E step 14 pos=522 n=1 pcycles=74195971 us=36234 top1=323 logprob=0.000000
E2E step 15 pos=523 n=1 pcycles=70596367 us=36901 top1=279 logprob=0.000000
E2E step 16 pos=524 n=1 pcycles=68777563 us=36190 top1=5426 logprob=0.000000
E2E step 17 pos=525 n=1 pcycles=68844631 us=35700 top1=6009 logprob=0.000000
E2E step 18 pos=526 n=1 pcycles=69259373 us=33419 top1=1181 logprob=0.000000
E2E step 19 pos=527 n=1 pcycles=66762146 us=32292 top1=11618 logprob=0.000000
E2E step 20 pos=528 n=1 pcycles=64499674 us=32267 top1=1119 logprob=0.000000
E2E step 21 pos=529 n=1 pcycles=65276115 us=34495 top1=279 logprob=0.000000
E2E step 22 pos=530 n=1 pcycles=64468195 us=31306 top1=9788 logprob=0.000000
E2E step 23 pos=531 n=1 pcycles=64409521 us=33696 top1=382 logprob=0.000000
E2E step 24 pos=532 n=1 pcycles=64421276 us=33929 top1=785 logprob=0.000000
E2E step 25 pos=533 n=1 pcycles=64487712 us=31610 top1=21085 logprob=0.000000
E2E step 26 pos=534 n=1 pcycles=64160315 us=30955 top1=374 logprob=0.000000
E2E step 27 pos=535 n=1 pcycles=64523672 us=31233 top1=5326 logprob=0.000000
E2E step 28 pos=536 n=1 pcycles=64610514 us=31575 top1=304 logprob=0.000000
E2E step 29 pos=537 n=1 pcycles=64587783 us=33997 top1=264 logprob=0.000000
E2E step 30 pos=538 n=1 pcycles=64473902 us=31119 top1=1707 logprob=0.000000
E2E step 31 pos=539 n=1 pcycles=64641686 us=31255 top1=429 logprob=0.000000
E2E step 32 pos=540 n=1 pcycles=64586473 us=34298 top1=374 logprob=0.000000
E2E step 33 pos=541 n=1 pcycles=64482892 us=31435 top1=1112 logprob=0.000000
E2E step 34 pos=542 n=1 pcycles=64534231 us=33992 top1=30 logprob=0.000000
E2E step 35 pos=543 n=1 pcycles=64539018 us=34008 top1=4710 logprob=0.000000
E2E step 36 pos=544 n=1 pcycles=64698779 us=34067 top1=32 logprob=0.000000
E2E step 37 pos=545 n=1 pcycles=64595512 us=34187 top1=13 logprob=0.000000
E2E step 38 pos=546 n=1 pcycles=64594345 us=32520 top1=362 logprob=0.000000
E2E step 39 pos=547 n=1 pcycles=64683001 us=34108 top1=52844 logprob=0.000000
E2E step 40 pos=548 n=1 pcycles=64715402 us=34196 top1=1707 logprob=0.000000
E2E step 41 pos=549 n=1 pcycles=64734003 us=32063 top1=315 logprob=0.000000
E2E step 42 pos=550 n=1 pcycles=64687493 us=34070 top1=5821 logprob=0.000000
E2E step 43 pos=551 n=1 pcycles=64713514 us=34086 top1=4378 logprob=0.000000
E2E step 44 pos=552 n=1 pcycles=64740663 us=34119 top1=198 logprob=0.000000
E2E step 45 pos=553 n=1 pcycles=64724650 us=31491 top1=33 logprob=0.000000
E2E step 46 pos=554 n=1 pcycles=64770273 us=34104 top1=13 logprob=0.000000
E2E step 47 pos=555 n=1 pcycles=64802598 us=34149 top1=362 logprob=0.000000
E2E step 48 pos=556 n=1 pcycles=64868769 us=31977 top1=19221 logprob=0.000000
E2E step 49 pos=557 n=1 pcycles=64962655 us=34207 top1=1707 logprob=0.000000
E2E step 50 pos=558 n=1 pcycles=64899312 us=32147 top1=315 logprob=0.000000
E2E step 51 pos=559 n=1 pcycles=64983445 us=34236 top1=5821 logprob=0.000000
E2E step 52 pos=560 n=1 pcycles=64871426 us=32088 top1=4378 logprob=0.000000
E2E step 53 pos=561 n=1 pcycles=64928865 us=34262 top1=198 logprob=0.000000
E2E step 54 pos=562 n=1 pcycles=64837325 us=31765 top1=34 logprob=0.000000
E2E step 55 pos=563 n=1 pcycles=65099594 us=34269 top1=13 logprob=0.000000
E2E step 56 pos=564 n=1 pcycles=65109930 us=31949 top1=362 logprob=0.000000
E2E step 57 pos=565 n=1 pcycles=65006206 us=34336 top1=52844 logprob=0.000000
E2E step 58 pos=566 n=1 pcycles=64975954 us=31541 top1=1707 logprob=0.000000
E2E step 59 pos=567 n=1 pcycles=65169999 us=31546 top1=315 logprob=0.000000
E2E step 60 pos=568 n=1 pcycles=65067548 us=34195 top1=16989 logprob=0.000000
E2E step 61 pos=569 n=1 pcycles=65130588 us=34293 top1=198 logprob=0.000000
E2E step 62 pos=570 n=1 pcycles=65112858 us=34447 top1=35 logprob=0.000000
E2E step 63 pos=571 n=1 pcycles=65087654 us=33609 top1=13 logprob=0.000000
E2E step 64 pos=572 n=1 pcycles=65178998 us=31880 top1=362 logprob=0.000000
E2E step 65 pos=573 n=1 pcycles=65166472 us=31860 top1=19221 logprob=0.000000
E2E step 66 pos=574 n=1 pcycles=65253135 us=31919 top1=1707 logprob=0.000000
E2E gen 13629 43765 279 32011 22172 448 264 8205 15289 11 323 279 5426 6009 1181 11618 1119 279 9788 382 785 21085 374 5326 304 264 1707 429 374 1112 30 4710 32 13 362 52844 1707 315 5821 4378 198 33 13 362 19221 1707 315 5821 4378 198 34 13 362 52844 1707 315 16989 198 35 13 362 19221 1707 315
E2E decode steps=63 median_us=34070 median_pcycles=64928865 pcycles_per_us=1905.7489
E2E wall_ms 5112
