E2E init ok weights=598623744 kv=234881024 act=3932160 n_ops=451
E2E logits_mem static
E2E step 0 pos=0 n=128 pcycles=912216458 us=497066 top1=-1 logprob=0.000000
E2E step 1 pos=128 n=128 pcycles=1231273377 us=586454 top1=-1 logprob=0.000000
E2E step 2 pos=256 n=128 pcycles=1581267614 us=752173 top1=-1 logprob=0.000000
E2E step 3 pos=384 n=128 pcycles=2041966888 us=970415 top1=-1 logprob=0.000000
E2E step 4 pos=512 n=1 pcycles=81401684 us=42190 top1=13629 logprob=0.000000
E2E step 5 pos=513 n=1 pcycles=81294303 us=42097 top1=43765 logprob=0.000000
E2E step 6 pos=514 n=1 pcycles=81431921 us=41942 top1=279 logprob=0.000000
E2E step 7 pos=515 n=1 pcycles=81355643 us=41886 top1=32011 logprob=0.000000
E2E step 8 pos=516 n=1 pcycles=81413497 us=42401 top1=22172 logprob=0.000000
E2E step 9 pos=517 n=1 pcycles=81452373 us=41936 top1=448 logprob=0.000000
E2E step 10 pos=518 n=1 pcycles=81438154 us=41908 top1=264 logprob=0.000000
E2E step 11 pos=519 n=1 pcycles=81497599 us=41931 top1=8205 logprob=0.000000
E2E step 12 pos=520 n=1 pcycles=81476727 us=42050 top1=15289 logprob=0.000000
E2E step 13 pos=521 n=1 pcycles=81522578 us=41987 top1=11 logprob=0.000000
E2E step 14 pos=522 n=1 pcycles=81507866 us=41911 top1=323 logprob=0.000000
E2E step 15 pos=523 n=1 pcycles=81648593 us=42042 top1=279 logprob=0.000000
E2E step 16 pos=524 n=1 pcycles=81705166 us=40119 top1=5426 logprob=0.000000
E2E step 17 pos=525 n=1 pcycles=74812531 us=35956 top1=6009 logprob=0.000000
E2E step 18 pos=526 n=1 pcycles=71120401 us=36858 top1=1181 logprob=0.000000
E2E step 19 pos=527 n=1 pcycles=69035345 us=33852 top1=11618 logprob=0.000000
E2E step 20 pos=528 n=1 pcycles=69035541 us=35939 top1=1119 logprob=0.000000
E2E step 21 pos=529 n=1 pcycles=69056802 us=35930 top1=279 logprob=0.000000
E2E step 22 pos=530 n=1 pcycles=69148313 us=35992 top1=9788 logprob=0.000000
E2E step 23 pos=531 n=1 pcycles=69172758 us=35977 top1=382 logprob=0.000000
E2E step 24 pos=532 n=1 pcycles=69085883 us=33183 top1=785 logprob=0.000000
E2E step 25 pos=533 n=1 pcycles=65155739 us=31252 top1=21085 logprob=0.000000
E2E step 26 pos=534 n=1 pcycles=64758047 us=31061 top1=374 logprob=0.000000
E2E step 27 pos=535 n=1 pcycles=64653582 us=33855 top1=5326 logprob=0.000000
E2E step 28 pos=536 n=1 pcycles=64550984 us=33802 top1=304 logprob=0.000000
E2E step 29 pos=537 n=1 pcycles=64528577 us=31722 top1=264 logprob=0.000000
E2E step 30 pos=538 n=1 pcycles=64587822 us=33861 top1=1707 logprob=0.000000
E2E step 31 pos=539 n=1 pcycles=64684876 us=31454 top1=429 logprob=0.000000
E2E step 32 pos=540 n=1 pcycles=64673412 us=31478 top1=374 logprob=0.000000
E2E step 33 pos=541 n=1 pcycles=64675167 us=33854 top1=1112 logprob=0.000000
E2E step 34 pos=542 n=1 pcycles=64616810 us=33829 top1=30 logprob=0.000000
E2E step 35 pos=543 n=1 pcycles=64660304 us=33843 top1=4710 logprob=0.000000
E2E step 36 pos=544 n=1 pcycles=64831027 us=33913 top1=32 logprob=0.000000
E2E step 37 pos=545 n=1 pcycles=64904530 us=34193 top1=13 logprob=0.000000
E2E step 38 pos=546 n=1 pcycles=64821038 us=33912 top1=362 logprob=0.000000
E2E step 39 pos=547 n=1 pcycles=64869945 us=32896 top1=52844 logprob=0.000000
E2E step 40 pos=548 n=1 pcycles=64810013 us=33919 top1=1707 logprob=0.000000
E2E step 41 pos=549 n=1 pcycles=64886998 us=33949 top1=315 logprob=0.000000
E2E step 42 pos=550 n=1 pcycles=64896562 us=33976 top1=5821 logprob=0.000000
E2E step 43 pos=551 n=1 pcycles=64848748 us=33935 top1=4378 logprob=0.000000
E2E step 44 pos=552 n=1 pcycles=64918111 us=31308 top1=198 logprob=0.000000
E2E step 45 pos=553 n=1 pcycles=64907830 us=33951 top1=33 logprob=0.000000
E2E step 46 pos=554 n=1 pcycles=64950136 us=31626 top1=13 logprob=0.000000
E2E step 47 pos=555 n=1 pcycles=64955065 us=33973 top1=362 logprob=0.000000
E2E step 48 pos=556 n=1 pcycles=64971278 us=33988 top1=19221 logprob=0.000000
E2E step 49 pos=557 n=1 pcycles=65099078 us=34039 top1=1707 logprob=0.000000
E2E step 50 pos=558 n=1 pcycles=65020432 us=31901 top1=315 logprob=0.000000
E2E step 51 pos=559 n=1 pcycles=65005453 us=34000 top1=5821 logprob=0.000000
E2E step 52 pos=560 n=1 pcycles=65013941 us=33999 top1=4378 logprob=0.000000
E2E step 53 pos=561 n=1 pcycles=65054524 us=31820 top1=198 logprob=0.000000
E2E step 54 pos=562 n=1 pcycles=65036479 us=34011 top1=34 logprob=0.000000
E2E step 55 pos=563 n=1 pcycles=65078760 us=31659 top1=13 logprob=0.000000
E2E step 56 pos=564 n=1 pcycles=65058852 us=34055 top1=362 logprob=0.000000
E2E step 57 pos=565 n=1 pcycles=65106764 us=34047 top1=52844 logprob=0.000000
E2E step 58 pos=566 n=1 pcycles=65162331 us=34075 top1=1707 logprob=0.000000
E2E step 59 pos=567 n=1 pcycles=65279317 us=34133 top1=315 logprob=0.000000
E2E step 60 pos=568 n=1 pcycles=65142512 us=34074 top1=16989 logprob=0.000000
E2E step 61 pos=569 n=1 pcycles=65148719 us=33138 top1=198 logprob=0.000000
E2E step 62 pos=570 n=1 pcycles=65275663 us=34141 top1=35 logprob=0.000000
E2E step 63 pos=571 n=1 pcycles=65286151 us=34131 top1=13 logprob=0.000000
E2E step 64 pos=572 n=1 pcycles=65190244 us=34080 top1=362 logprob=0.000000
E2E step 65 pos=573 n=1 pcycles=65261966 us=34144 top1=19221 logprob=0.000000
E2E step 66 pos=574 n=1 pcycles=65313897 us=31758 top1=1707 logprob=0.000000
E2E gen 13629 43765 279 32011 22172 448 264 8205 15289 11 323 279 5426 6009 1181 11618 1119 279 9788 382 785 21085 374 5326 304 264 1707 429 374 1112 30 4710 32 13 362 52844 1707 315 5821 4378 198 33 13 362 19221 1707 315 5821 4378 198 34 13 362 52844 1707 315 16989 198 35 13 362 19221 1707 315
E2E decode steps=63 median_us=34000 median_pcycles=65106764 pcycles_per_us=1914.9048
E2E wall_ms 5212
