E2E init ok weights=598623744 kv=234881024 act=3932160 n_ops=451
E2E logits_mem rpcmem
E2E step 0 pos=0 n=128 pcycles=950435956 us=534099 top1=-1 logprob=0.000000
E2E step 1 pos=128 n=128 pcycles=1353882159 us=644593 top1=-1 logprob=0.000000
E2E step 2 pos=256 n=128 pcycles=1737724659 us=823440 top1=-1 logprob=0.000000
E2E step 3 pos=384 n=128 pcycles=2244864975 us=1063430 top1=-1 logprob=0.000000
E2E step 4 pos=512 n=1 pcycles=89827505 us=43083 top1=13629 logprob=0.000000
E2E step 5 pos=513 n=1 pcycles=86435472 us=41469 top1=43765 logprob=0.000000
E2E step 6 pos=514 n=1 pcycles=80645433 us=38684 top1=279 logprob=0.000000
E2E step 7 pos=515 n=1 pcycles=74862503 us=36122 top1=32011 logprob=0.000000
E2E step 8 pos=516 n=1 pcycles=70846904 us=34005 top1=22172 logprob=0.000000
E2E step 9 pos=517 n=1 pcycles=69575483 us=33399 top1=448 logprob=0.000000
E2E step 10 pos=518 n=1 pcycles=69288294 us=33285 top1=264 logprob=0.000000
E2E step 11 pos=519 n=1 pcycles=68345533 us=32826 top1=8205 logprob=0.000000
E2E step 12 pos=520 n=1 pcycles=68184334 us=32728 top1=15289 logprob=0.000000
E2E step 13 pos=521 n=1 pcycles=68969544 us=33076 top1=11 logprob=0.000000
E2E step 14 pos=522 n=1 pcycles=67732056 us=32485 top1=323 logprob=0.000000
E2E step 15 pos=523 n=1 pcycles=67830696 us=32547 top1=279 logprob=0.000000
E2E step 16 pos=524 n=1 pcycles=67952837 us=32588 top1=5426 logprob=0.000000
E2E step 17 pos=525 n=1 pcycles=71359953 us=34242 top1=6009 logprob=0.000000
E2E step 18 pos=526 n=1 pcycles=69280155 us=33269 top1=1181 logprob=0.000000
E2E step 19 pos=527 n=1 pcycles=71313373 us=34319 top1=11618 logprob=0.000000
E2E step 20 pos=528 n=1 pcycles=69243305 us=33293 top1=1119 logprob=0.000000
E2E step 21 pos=529 n=1 pcycles=69443307 us=33315 top1=279 logprob=0.000000
E2E step 22 pos=530 n=1 pcycles=69411874 us=33548 top1=9788 logprob=0.000000
E2E step 23 pos=531 n=1 pcycles=69520153 us=33366 top1=382 logprob=0.000000
E2E step 24 pos=532 n=1 pcycles=69501868 us=33341 top1=785 logprob=0.000000
E2E step 25 pos=533 n=1 pcycles=69410841 us=33341 top1=21085 logprob=0.000000
E2E step 26 pos=534 n=1 pcycles=69106406 us=33271 top1=374 logprob=0.000000
E2E step 27 pos=535 n=1 pcycles=69596652 us=33554 top1=5326 logprob=0.000000
E2E step 28 pos=536 n=1 pcycles=68771074 us=33146 top1=304 logprob=0.000000
E2E step 29 pos=537 n=1 pcycles=69688433 us=33707 top1=264 logprob=0.000000
E2E step 30 pos=538 n=1 pcycles=66555640 us=32009 top1=1707 logprob=0.000000
E2E step 31 pos=539 n=1 pcycles=68527811 us=33211 top1=429 logprob=0.000000
E2E step 32 pos=540 n=1 pcycles=68358119 us=32930 top1=374 logprob=0.000000
E2E step 33 pos=541 n=1 pcycles=69420027 us=33349 top1=1112 logprob=0.000000
E2E step 34 pos=542 n=1 pcycles=69126029 us=33238 top1=30 logprob=0.000000
E2E step 35 pos=543 n=1 pcycles=69420968 us=33518 top1=4710 logprob=0.000000
E2E step 36 pos=544 n=1 pcycles=69042459 us=33295 top1=32 logprob=0.000000
E2E step 37 pos=545 n=1 pcycles=68935272 us=33181 top1=13 logprob=0.000000
E2E step 38 pos=546 n=1 pcycles=69821689 us=33529 top1=362 logprob=0.000000
E2E step 39 pos=547 n=1 pcycles=69140544 us=33430 top1=52844 logprob=0.000000
E2E step 40 pos=548 n=1 pcycles=69615170 us=33655 top1=1707 logprob=0.000000
E2E step 41 pos=549 n=1 pcycles=68909823 us=33391 top1=315 logprob=0.000000
E2E step 42 pos=550 n=1 pcycles=69022282 us=33349 top1=5821 logprob=0.000000
E2E step 43 pos=551 n=1 pcycles=69310535 us=33630 top1=4378 logprob=0.000000
E2E step 44 pos=552 n=1 pcycles=68975580 us=33790 top1=198 logprob=0.000000
E2E step 45 pos=553 n=1 pcycles=69342009 us=33414 top1=33 logprob=0.000000
E2E step 46 pos=554 n=1 pcycles=68751838 us=33123 top1=13 logprob=0.000000
E2E step 47 pos=555 n=1 pcycles=69173812 us=33506 top1=362 logprob=0.000000
E2E step 48 pos=556 n=1 pcycles=69606318 us=33740 top1=19221 logprob=0.000000
E2E step 49 pos=557 n=1 pcycles=68958683 us=33263 top1=1707 logprob=0.000000
E2E step 50 pos=558 n=1 pcycles=69124072 us=34364 top1=315 logprob=0.000000
E2E step 51 pos=559 n=1 pcycles=69376540 us=33434 top1=5821 logprob=0.000000
E2E step 52 pos=560 n=1 pcycles=69370554 us=33505 top1=4378 logprob=0.000000
E2E step 53 pos=561 n=1 pcycles=69110113 us=33420 top1=198 logprob=0.000000
E2E step 54 pos=562 n=1 pcycles=69088668 us=33352 top1=34 logprob=0.000000
E2E step 55 pos=563 n=1 pcycles=68884352 us=33330 top1=13 logprob=0.000000
E2E step 56 pos=564 n=1 pcycles=69208169 us=33431 top1=362 logprob=0.000000
E2E step 57 pos=565 n=1 pcycles=69209964 us=33533 top1=52844 logprob=0.000000
E2E step 58 pos=566 n=1 pcycles=69395079 us=33664 top1=1707 logprob=0.000000
E2E step 59 pos=567 n=1 pcycles=69217065 us=33557 top1=315 logprob=0.000000
E2E step 60 pos=568 n=1 pcycles=69278043 us=33920 top1=16989 logprob=0.000000
E2E step 61 pos=569 n=1 pcycles=69853461 us=33656 top1=198 logprob=0.000000
E2E step 62 pos=570 n=1 pcycles=69490535 us=33411 top1=35 logprob=0.000000
E2E step 63 pos=571 n=1 pcycles=69112214 us=36202 top1=13 logprob=0.000000
E2E step 64 pos=572 n=1 pcycles=69090190 us=33470 top1=362 logprob=0.000000
E2E step 65 pos=573 n=1 pcycles=69166063 us=33714 top1=19221 logprob=0.000000
E2E step 66 pos=574 n=1 pcycles=69176611 us=36195 top1=1707 logprob=0.000000
E2E gen 13629 43765 279 32011 22172 448 264 8205 15289 11 323 279 5426 6009 1181 11618 1119 279 9788 382 785 21085 374 5326 304 264 1707 429 374 1112 30 4710 32 13 362 52844 1707 315 5821 4378 198 33 13 362 19221 1707 315 5821 4378 198 34 13 362 52844 1707 315 16989 198 35 13 362 19221 1707 315
E2E decode steps=63 median_us=33420 median_pcycles=69217065 pcycles_per_us=2071.1270
E2E wall_ms 5311
