E2E init ok weights=598623744 kv=234881024 act=3932160 n_ops=451
E2E logits_mem static
E2E step 0 pos=0 n=128 pcycles=921356385 us=501844 top1=-1 logprob=0.000000
E2E step 1 pos=128 n=128 pcycles=1249218897 us=594913 top1=-1 logprob=0.000000
E2E step 2 pos=256 n=128 pcycles=1585663556 us=751859 top1=-1 logprob=0.000000
E2E step 3 pos=384 n=128 pcycles=2014495140 us=957402 top1=-1 logprob=0.000000
E2E step 4 pos=512 n=128 pcycles=2521352993 us=1197307 top1=-1 logprob=0.000000
E2E step 5 pos=640 n=128 pcycles=2940217109 us=1395487 top1=-1 logprob=0.000000
E2E step 6 pos=768 n=128 pcycles=3439643157 us=1631893 top1=-1 logprob=0.000000
E2E step 7 pos=896 n=128 pcycles=4036081675 us=1914293 top1=-1 logprob=0.000000
E2E step 8 pos=1024 n=1 pcycles=84640330 us=43211 top1=271 logprob=0.000000
E2E step 9 pos=1025 n=1 pcycles=84684320 us=43338 top1=785 logprob=0.000000
E2E step 10 pos=1026 n=1 pcycles=84619057 us=43385 top1=21085 logprob=0.000000
E2E step 11 pos=1027 n=1 pcycles=84633971 us=43273 top1=374 logprob=0.000000
E2E step 12 pos=1028 n=1 pcycles=84614001 us=40891 top1=5326 logprob=0.000000
E2E step 13 pos=1029 n=1 pcycles=84640534 us=43381 top1=304 logprob=0.000000
E2E step 14 pos=1030 n=1 pcycles=84629006 us=40633 top1=264 logprob=0.000000
E2E step 15 pos=1031 n=1 pcycles=84677065 us=43311 top1=1707 logprob=0.000000
E2E step 16 pos=1032 n=1 pcycles=84744499 us=43353 top1=429 logprob=0.000000
E2E step 17 pos=1033 n=1 pcycles=84687916 us=43576 top1=374 logprob=0.000000
E2E step 18 pos=1034 n=1 pcycles=84743350 us=43465 top1=1112 logprob=0.000000
E2E step 19 pos=1035 n=1 pcycles=84703239 us=43320 top1=30 logprob=0.000000
E2E step 20 pos=1036 n=1 pcycles=84668567 us=43395 top1=4710 logprob=0.000000
E2E step 21 pos=1037 n=1 pcycles=84881665 us=43431 top1=32 logprob=0.000000
E2E step 22 pos=1038 n=1 pcycles=84669516 us=43306 top1=13 logprob=0.000000
E2E step 23 pos=1039 n=1 pcycles=84835782 us=43384 top1=52844 logprob=0.000000
E2E step 24 pos=1040 n=1 pcycles=84942861 us=43438 top1=198 logprob=0.000000
E2E step 25 pos=1041 n=1 pcycles=84931442 us=42924 top1=33 logprob=0.000000
E2E step 26 pos=1042 n=1 pcycles=84890683 us=43377 top1=13 logprob=0.000000
E2E step 27 pos=1043 n=1 pcycles=84930980 us=43385 top1=19221 logprob=0.000000
E2E step 28 pos=1044 n=1 pcycles=84926573 us=41099 top1=198 logprob=0.000000
E2E step 29 pos=1045 n=1 pcycles=84948556 us=41073 top1=34 logprob=0.000000
E2E step 30 pos=1046 n=1 pcycles=84872131 us=43779 top1=13 logprob=0.000000
E2E step 31 pos=1047 n=1 pcycles=84832584 us=43419 top1=31365 logprob=0.000000
E2E step 32 pos=1048 n=1 pcycles=84693240 us=43301 top1=198 logprob=0.000000
E2E step 33 pos=1049 n=1 pcycles=84798714 us=43406 top1=35 logprob=0.000000
E2E step 34 pos=1050 n=1 pcycles=84802328 us=43376 top1=13 logprob=0.000000
E2E step 35 pos=1051 n=1 pcycles=84922407 us=43432 top1=7034 logprob=0.000000
E2E step 36 pos=1052 n=1 pcycles=84877178 us=41043 top1=69748 logprob=0.000000
E2E step 37 pos=1053 n=1 pcycles=84964260 us=43436 top1=271 logprob=0.000000
E2E step 38 pos=1054 n=1 pcycles=84903398 us=43417 top1=16141 logprob=0.000000
E2E step 39 pos=1055 n=1 pcycles=84885207 us=43496 top1=25 logprob=0.000000
E2E step 40 pos=1056 n=1 pcycles=85123350 us=43713 top1=425 logprob=0.000000
E2E step 41 pos=1057 n=1 pcycles=85137944 us=43638 top1=271 logprob=0.000000
E2E step 42 pos=1058 n=1 pcycles=85193532 us=43561 top1=16141 logprob=0.000000
E2E step 43 pos=1059 n=1 pcycles=85062457 us=40896 top1=25 logprob=0.000000
E2E step 44 pos=1060 n=1 pcycles=85178878 us=43730 top1=425 logprob=0.000000
E2E step 45 pos=1061 n=1 pcycles=85167556 us=41368 top1=271 logprob=0.000000
E2E step 46 pos=1062 n=1 pcycles=85274679 us=43737 top1=785 logprob=0.000000
E2E step 47 pos=1063 n=1 pcycles=85311248 us=41046 top1=21085 logprob=0.000000
E2E step 48 pos=1064 n=1 pcycles=85128170 us=43498 top1=374 logprob=0.000000
E2E step 49 pos=1065 n=1 pcycles=85328128 us=43639 top1=5326 logprob=0.000000
E2E step 50 pos=1066 n=1 pcycles=85263284 us=42420 top1=304 logprob=0.000000
E2E step 51 pos=1067 n=1 pcycles=85205129 us=40958 top1=264 logprob=0.000000
E2E step 52 pos=1068 n=1 pcycles=85331801 us=43616 top1=1707 logprob=0.000000
E2E step 53 pos=1069 n=1 pcycles=85332229 us=43622 top1=429 logprob=0.000000
E2E step 54 pos=1070 n=1 pcycles=85358684 us=43639 top1=374 logprob=0.000000
E2E step 55 pos=1071 n=1 pcycles=85290376 us=43631 top1=19221 logprob=0.000000
E2E step 56 pos=1072 n=1 pcycles=85408857 us=43667 top1=13 logprob=0.000000
E2E step 57 pos=1073 n=1 pcycles=85357154 us=41040 top1=576 logprob=0.000000
E2E step 58 pos=1074 n=1 pcycles=85355928 us=43643 top1=21085 logprob=0.000000
E2E step 59 pos=1075 n=1 pcycles=85584274 us=43829 top1=16555 logprob=0.000000
E2E step 60 pos=1076 n=1 pcycles=85431691 us=43799 top1=264 logprob=0.000000
E2E step 61 pos=1077 n=1 pcycles=85487992 us=43724 top1=11618 logprob=0.000000
E2E step 62 pos=1078 n=1 pcycles=85336651 us=43690 top1=315 logprob=0.000000
E2E step 63 pos=1079 n=1 pcycles=85559746 us=43811 top1=264 logprob=0.000000
E2E step 64 pos=1080 n=1 pcycles=85653298 us=43779 top1=5426 logprob=0.000000
E2E step 65 pos=1081 n=1 pcycles=85548884 us=43213 top1=11 logprob=0.000000
E2E step 66 pos=1082 n=1 pcycles=85554141 us=44046 top1=9027 logprob=0.000000
E2E step 67 pos=1083 n=1 pcycles=85679032 us=43910 top1=279 logprob=0.000000
E2E step 68 pos=1084 n=1 pcycles=85637581 us=41101 top1=2155 logprob=0.000000
E2E step 69 pos=1085 n=1 pcycles=85726761 us=41105 top1=16065 logprob=0.000000
E2E step 70 pos=1086 n=1 pcycles=85535873 us=43739 top1=323 logprob=0.000000
E2E gen 271 785 21085 374 5326 304 264 1707 429 374 1112 30 4710 32 13 52844 198 33 13 19221 198 34 13 31365 198 35 13 7034 69748 271 16141 25 425 271 16141 25 425 271 785 21085 374 5326 304 264 1707 429 374 19221 13 576 21085 16555 264 11618 315 264 5426 11 9027 279 2155 16065 323 21880
E2E decode steps=63 median_us=43417 median_pcycles=84964260 pcycles_per_us=1956.9353
E2E wall_ms 11839
