E2E init ok weights=598623744 kv=234881024 act=3932160 n_ops=451
E2E logits_mem malloc
E2E step 0 pos=0 n=128 pcycles=897476893 us=510916 top1=-1 logprob=0.000000
E2E step 1 pos=128 n=128 pcycles=1238574612 us=590093 top1=-1 logprob=0.000000
E2E step 2 pos=256 n=128 pcycles=1566278275 us=745313 top1=-1 logprob=0.000000
E2E step 3 pos=384 n=128 pcycles=1947657108 us=925985 top1=-1 logprob=0.000000
E2E step 4 pos=512 n=1 pcycles=81831372 us=42880 top1=323 logprob=0.000000
E2E step 5 pos=513 n=1 pcycles=81530349 us=42205 top1=279 logprob=0.000000
E2E step 6 pos=514 n=1 pcycles=81565634 us=42225 top1=1172 logprob=0.000000
E2E step 7 pos=515 n=1 pcycles=81559852 us=42221 top1=1616 logprob=0.000000
E2E step 8 pos=516 n=1 pcycles=81629359 us=42256 top1=311 logprob=0.000000
E2E step 9 pos=517 n=1 pcycles=81600737 us=40113 top1=1414 logprob=0.000000
E2E step 10 pos=518 n=1 pcycles=74808996 us=38974 top1=421 logprob=0.000000
E2E step 11 pos=519 n=1 pcycles=74463381 us=38767 top1=279 logprob=0.000000
E2E step 12 pos=520 n=1 pcycles=74448885 us=38755 top1=33638 logprob=0.000000
E2E step 13 pos=521 n=1 pcycles=74546301 us=38792 top1=374 logprob=0.000000
E2E step 14 pos=522 n=1 pcycles=74431220 us=38754 top1=4396 logprob=0.000000
E2E step 15 pos=523 n=1 pcycles=74491914 us=38775 top1=374 logprob=0.000000
E2E step 16 pos=524 n=1 pcycles=74558346 us=39311 top1=311 logprob=0.000000
E2E step 17 pos=525 n=1 pcycles=74562565 us=36271 top1=6629 logprob=0.000000
E2E step 18 pos=526 n=1 pcycles=71030996 us=37158 top1=432 logprob=0.000000
E2E step 19 pos=527 n=1 pcycles=69133394 us=36211 top1=13 logprob=0.000000
E2E step 20 pos=528 n=1 pcycles=69084955 us=36182 top1=2055 logprob=0.000000
E2E step 21 pos=529 n=1 pcycles=69163449 us=34022 top1=279 logprob=0.000000
E2E step 22 pos=530 n=1 pcycles=69193169 us=36247 top1=1882 logprob=0.000000
E2E step 23 pos=531 n=1 pcycles=69222940 us=36271 top1=315 logprob=0.000000
E2E step 24 pos=532 n=1 pcycles=69241502 us=36276 top1=4752 logprob=0.000000
E2E step 25 pos=533 n=1 pcycles=69309115 us=36307 top1=264 logprob=0.000000
E2E step 26 pos=534 n=1 pcycles=69259498 us=36285 top1=1614 logprob=0.000000
E2E step 27 pos=535 n=1 pcycles=69296097 us=36317 top1=374 logprob=0.000000
E2E step 28 pos=536 n=1 pcycles=69334599 us=36315 top1=537 logprob=0.000000
E2E step 29 pos=537 n=1 pcycles=69377561 us=36376 top1=1101 logprob=0.000000
E2E step 30 pos=538 n=1 pcycles=69444469 us=36488 top1=911 logprob=0.000000
E2E step 31 pos=539 n=1 pcycles=69373721 us=36336 top1=279 logprob=0.000000
E2E step 32 pos=540 n=1 pcycles=69392866 us=36361 top1=2038 logprob=0.000000
E2E step 33 pos=541 n=1 pcycles=69499673 us=36933 top1=11 logprob=0.000000
E2E step 34 pos=542 n=1 pcycles=69475305 us=36413 top1=714 logprob=0.000000
E2E step 35 pos=543 n=1 pcycles=69519012 us=36424 top1=1083 logprob=0.000000
E2E step 36 pos=544 n=1 pcycles=69502056 us=36411 top1=911 logprob=0.000000
E2E step 37 pos=545 n=1 pcycles=69644536 us=36579 top1=279 logprob=0.000000
E2E step 38 pos=546 n=1 pcycles=69630308 us=33791 top1=5109 logprob=0.000000
E2E step 39 pos=547 n=1 pcycles=66876086 us=35068 top1=13 logprob=0.000000
E2E step 40 pos=548 n=1 pcycles=64410486 us=33955 top1=576 logprob=0.000000
E2E step 41 pos=549 n=1 pcycles=64390654 us=33941 top1=5109 logprob=0.000000
E2E step 42 pos=550 n=1 pcycles=64384546 us=33959 top1=525 logprob=0.000000
E2E step 43 pos=551 n=1 pcycles=64504532 us=31325 top1=279 logprob=0.000000
E2E step 44 pos=552 n=1 pcycles=64438257 us=33963 top1=1931 logprob=0.000000
E2E step 45 pos=553 n=1 pcycles=64528082 us=33985 top1=3364 logprob=0.000000
E2E step 46 pos=554 n=1 pcycles=64463643 us=33991 top1=11 logprob=0.000000
E2E step 47 pos=555 n=1 pcycles=64549010 us=34042 top1=323 logprob=0.000000
E2E step 48 pos=556 n=1 pcycles=64556938 us=34006 top1=807 logprob=0.000000
E2E step 49 pos=557 n=1 pcycles=64633950 us=31364 top1=525 logprob=0.000000
E2E step 50 pos=558 n=1 pcycles=64717793 us=31390 top1=279 logprob=0.000000
E2E step 51 pos=559 n=1 pcycles=64579634 us=34009 top1=1172 logprob=0.000000
E2E step 52 pos=560 n=1 pcycles=64603324 us=34038 top1=1616 logprob=0.000000
E2E step 53 pos=561 n=1 pcycles=64774336 us=34216 top1=311 logprob=0.000000
E2E step 54 pos=562 n=1 pcycles=64683827 us=32093 top1=1414 logprob=0.000000
E2E step 55 pos=563 n=1 pcycles=64769219 us=34216 top1=421 logprob=0.000000
E2E step 56 pos=564 n=1 pcycles=64863388 us=34164 top1=279 logprob=0.000000
E2E step 57 pos=565 n=1 pcycles=64859271 us=31994 top1=1614 logprob=0.000000
E2E step 58 pos=566 n=1 pcycles=64800606 us=34119 top1=374 logprob=0.000000
E2E step 59 pos=567 n=1 pcycles=64779130 us=35156 top1=3238 logprob=0.000000
E2E step 60 pos=568 n=1 pcycles=64981055 us=34358 top1=12440 logprob=0.000000
E2E step 61 pos=569 n=1 pcycles=64785936 us=34088 top1=624 logprob=0.000000
E2E step 62 pos=570 n=1 pcycles=64779227 us=34143 top1=785 logprob=0.000000
E2E step 63 pos=571 n=1 pcycles=64822665 us=34145 top1=3364 logprob=0.000000
E2E step 64 pos=572 n=1 pcycles=64854838 us=34224 top1=315 logprob=0.000000
E2E step 65 pos=573 n=1 pcycles=64937460 us=34198 top1=279 logprob=0.000000
E2E step 66 pos=574 n=1 pcycles=64955296 us=34225 top1=1614 logprob=0.000000
E2E gen 323 279 1172 1616 311 1414 421 279 33638 374 4396 374 311 6629 432 13 2055 279 1882 315 4752 264 1614 374 537 1101 911 279 2038 11 714 1083 911 279 5109 13 576 5109 525 279 1931 3364 11 323 807 525 279 1172 1616 311 1414 421 279 1614 374 3238 12440 624 785 3364 315 279 1614 374
E2E decode steps=63 median_us=36211 median_pcycles=69193169 pcycles_per_us=1910.8329
E2E wall_ms 5222
