E2E init ok weights=598623744 kv=234881024 act=3932160 n_ops=451
E2E logits_mem rpcmem
E2E step 0 pos=0 n=128 pcycles=914803465 us=498022 top1=-1 logprob=0.000000
E2E step 1 pos=128 n=128 pcycles=1241589643 us=591512 top1=-1 logprob=0.000000
E2E step 2 pos=256 n=128 pcycles=1567147389 us=745679 top1=-1 logprob=0.000000
E2E step 3 pos=384 n=128 pcycles=1972719346 us=937014 top1=-1 logprob=0.000000
E2E step 4 pos=512 n=1 pcycles=81994596 us=42871 top1=13629 logprob=0.000000
E2E step 5 pos=513 n=1 pcycles=82095783 us=39689 top1=43765 logprob=0.000000
E2E step 6 pos=514 n=1 pcycles=82209617 us=39832 top1=279 logprob=0.000000
E2E step 7 pos=515 n=1 pcycles=76568181 us=37093 top1=32011 logprob=0.000000
E2E step 8 pos=516 n=1 pcycles=75056755 us=36114 top1=22172 logprob=0.000000
E2E step 9 pos=517 n=1 pcycles=69727455 us=36716 top1=448 logprob=0.000000
E2E step 10 pos=518 n=1 pcycles=69268647 us=36351 top1=264 logprob=0.000000
E2E step 11 pos=519 n=1 pcycles=69188951 us=36234 top1=8205 logprob=0.000000
E2E step 12 pos=520 n=1 pcycles=69198002 us=36346 top1=15289 logprob=0.000000
E2E step 13 pos=521 n=1 pcycles=69303794 us=34281 top1=11 logprob=0.000000
E2E step 14 pos=522 n=1 pcycles=69479195 us=33692 top1=323 logprob=0.000000
E2E step 15 pos=523 n=1 pcycles=64630620 us=34059 top1=279 logprob=0.000000
E2E step 16 pos=524 n=1 pcycles=64180311 us=33945 top1=5426 logprob=0.000000
E2E step 17 pos=525 n=1 pcycles=64203077 us=33831 top1=6009 logprob=0.000000
E2E step 18 pos=526 n=1 pcycles=64187111 us=33167 top1=1181 logprob=0.000000
E2E step 19 pos=527 n=1 pcycles=64258653 us=33960 top1=11618 logprob=0.000000
E2E step 20 pos=528 n=1 pcycles=64478904 us=31625 top1=1119 logprob=0.000000
E2E step 21 pos=529 n=1 pcycles=64319873 us=31433 top1=279 logprob=0.000000
E2E step 22 pos=530 n=1 pcycles=64255827 us=33863 top1=9788 logprob=0.000000
E2E step 23 pos=531 n=1 pcycles=64328735 us=33811 top1=382 logprob=0.000000
E2E step 24 pos=532 n=1 pcycles=64334826 us=33995 top1=785 logprob=0.000000
E2E step 25 pos=533 n=1 pcycles=64369730 us=33883 top1=21085 logprob=0.000000
E2E step 26 pos=534 n=1 pcycles=64414066 us=33929 top1=374 logprob=0.000000
E2E step 27 pos=535 n=1 pcycles=64340349 us=33924 top1=5326 logprob=0.000000
E2E step 28 pos=536 n=1 pcycles=64419534 us=34088 top1=304 logprob=0.000000
E2E step 29 pos=537 n=1 pcycles=64488398 us=34099 top1=264 logprob=0.000000
E2E step 30 pos=538 n=1 pcycles=64400002 us=34016 top1=1707 logprob=0.000000
E2E step 31 pos=539 n=1 pcycles=64495318 us=33958 top1=429 logprob=0.000000
E2E step 32 pos=540 n=1 pcycles=64467342 us=31581 top1=374 logprob=0.000000
E2E step 33 pos=541 n=1 pcycles=64517078 us=33963 top1=1112 logprob=0.000000
E2E step 34 pos=542 n=1 pcycles=64461198 us=33950 top1=30 logprob=0.000000
E2E step 35 pos=543 n=1 pcycles=64543815 us=32504 top1=4710 logprob=0.000000
E2E step 36 pos=544 n=1 pcycles=64671573 us=31610 top1=32 logprob=0.000000
E2E step 37 pos=545 n=1 pcycles=64644873 us=33976 top1=13 logprob=0.000000
E2E step 38 pos=546 n=1 pcycles=64542982 us=33989 top1=362 logprob=0.000000
E2E step 39 pos=547 n=1 pcycles=64641072 us=34017 top1=52844 logprob=0.000000
E2E step 40 pos=548 n=1 pcycles=64745323 us=34023 top1=1707 logprob=0.000000
E2E step 41 pos=549 n=1 pcycles=64606860 us=33947 top1=315 logprob=0.000000
E2E step 42 pos=550 n=1 pcycles=64746836 us=31731 top1=5821 logprob=0.000000
E2E step 43 pos=551 n=1 pcycles=64759010 us=34094 top1=4378 logprob=0.000000
E2E step 44 pos=552 n=1 pcycles=64725185 us=34066 top1=198 logprob=0.000000
E2E step 45 pos=553 n=1 pcycles=64878043 us=34140 top1=33 logprob=0.000000
E2E step 46 pos=554 n=1 pcycles=64913149 us=32126 top1=13 logprob=0.000000
E2E step 47 pos=555 n=1 pcycles=64766250 us=34698 top1=362 logprob=0.000000
E2E step 48 pos=556 n=1 pcycles=64888586 us=34143 top1=19221 logprob=0.000000
E2E step 49 pos=557 n=1 pcycles=64825013 us=31891 top1=1707 logprob=0.000000
E2E step 50 pos=558 n=1 pcycles=64943941 us=34214 top1=315 logprob=0.000000
E2E step 51 pos=559 n=1 pcycles=64793163 us=34099 top1=5821 logprob=0.000000
E2E step 52 pos=560 n=1 pcycles=64883483 us=34140 top1=4378 logprob=0.000000
E2E step 53 pos=561 n=1 pcycles=65082273 us=31814 top1=198 logprob=0.000000
E2E step 54 pos=562 n=1 pcycles=64937192 us=34133 top1=34 logprob=0.000000
E2E step 55 pos=563 n=1 pcycles=64963649 us=34351 top1=13 logprob=0.000000
E2E step 56 pos=564 n=1 pcycles=65033648 us=34220 top1=362 logprob=0.000000
E2E step 57 pos=565 n=1 pcycles=64952361 us=34512 top1=52844 logprob=0.000000
E2E step 58 pos=566 n=1 pcycles=64906623 us=33149 top1=1707 logprob=0.000000
E2E step 59 pos=567 n=1 pcycles=64986055 us=34233 top1=315 logprob=0.000000
E2E step 60 pos=568 n=1 pcycles=65034567 us=34234 top1=16989 logprob=0.000000
E2E step 61 pos=569 n=1 pcycles=64950112 us=34265 top1=198 logprob=0.000000
E2E step 62 pos=570 n=1 pcycles=65017150 us=31622 top1=35 logprob=0.000000
E2E step 63 pos=571 n=1 pcycles=65111060 us=34359 top1=13 logprob=0.000000
E2E step 64 pos=572 n=1 pcycles=65124524 us=34291 top1=362 logprob=0.000000
E2E step 65 pos=573 n=1 pcycles=65120145 us=34366 top1=19221 logprob=0.000000
E2E step 66 pos=574 n=1 pcycles=65092657 us=34236 top1=1707 logprob=0.000000
E2E gen 13629 43765 279 32011 22172 448 264 8205 15289 11 323 279 5426 6009 1181 11618 1119 279 9788 382 785 21085 374 5326 304 264 1707 429 374 1112 30 4710 32 13 362 52844 1707 315 5821 4378 198 33 13 362 19221 1707 315 5821 4378 198 34 13 362 52844 1707 315 16989 198 35 13 362 19221 1707 315
E2E decode steps=63 median_us=34059 median_pcycles=64793163 pcycles_per_us=1902.3801
E2E wall_ms 5115
