E2E init ok weights=598623744 kv=234881024 act=3932160 n_ops=451
E2E logits_mem static
E2E step 0 pos=0 n=128 pcycles=917764033 us=514271 top1=-1 logprob=0.000000
E2E step 1 pos=128 n=128 pcycles=1269233609 us=602498 top1=-1 logprob=0.000000
E2E step 2 pos=256 n=128 pcycles=1604700795 us=763247 top1=-1 logprob=0.000000
E2E step 3 pos=384 n=128 pcycles=2059754707 us=976319 top1=-1 logprob=0.000000
E2E step 4 pos=512 n=1 pcycles=75942807 us=39450 top1=13629 logprob=0.000000
E2E step 5 pos=513 n=1 pcycles=75846139 us=38695 top1=43765 logprob=0.000000
E2E step 6 pos=514 n=1 pcycles=75943765 us=39461 top1=279 logprob=0.000000
E2E step 7 pos=515 n=1 pcycles=76002045 us=39399 top1=32011 logprob=0.000000
E2E step 8 pos=516 n=1 pcycles=75935487 us=39366 top1=22172 logprob=0.000000
E2E step 9 pos=517 n=1 pcycles=75906362 us=36714 top1=448 logprob=0.000000
E2E step 10 pos=518 n=1 pcycles=70772880 us=37089 top1=264 logprob=0.000000
E2E step 11 pos=519 n=1 pcycles=70413480 us=36799 top1=8205 logprob=0.000000
E2E step 12 pos=520 n=1 pcycles=70428038 us=36720 top1=15289 logprob=0.000000
E2E step 13 pos=521 n=1 pcycles=70523498 us=34065 top1=11 logprob=0.000000
E2E step 14 pos=522 n=1 pcycles=67738420 us=35402 top1=323 logprob=0.000000
E2E step 15 pos=523 n=1 pcycles=65373103 us=34305 top1=279 logprob=0.000000
E2E step 16 pos=524 n=1 pcycles=65412430 us=34872 top1=5426 logprob=0.000000
E2E step 17 pos=525 n=1 pcycles=65354323 us=34300 top1=6009 logprob=0.000000
E2E step 18 pos=526 n=1 pcycles=65522582 us=31946 top1=1181 logprob=0.000000
E2E step 19 pos=527 n=1 pcycles=65530669 us=31794 top1=11618 logprob=0.000000
E2E step 20 pos=528 n=1 pcycles=65583925 us=31714 top1=1119 logprob=0.000000
E2E step 21 pos=529 n=1 pcycles=65592881 us=31727 top1=279 logprob=0.000000
E2E step 22 pos=530 n=1 pcycles=65574106 us=31555 top1=9788 logprob=0.000000
E2E step 23 pos=531 n=1 pcycles=65790019 us=31684 top1=382 logprob=0.000000
E2E step 24 pos=532 n=1 pcycles=65717347 us=33828 top1=785 logprob=0.000000
E2E step 25 pos=533 n=1 pcycles=65740935 us=34479 top1=21085 logprob=0.000000
E2E step 26 pos=534 n=1 pcycles=65664795 us=34452 top1=374 logprob=0.000000
E2E step 27 pos=535 n=1 pcycles=65646098 us=33785 top1=5326 logprob=0.000000
E2E step 28 pos=536 n=1 pcycles=65781466 us=34594 top1=304 logprob=0.000000
E2E step 29 pos=537 n=1 pcycles=65996161 us=31775 top1=264 logprob=0.000000
E2E step 30 pos=538 n=1 pcycles=65915363 us=34553 top1=1707 logprob=0.000000
E2E step 31 pos=539 n=1 pcycles=65713878 us=34372 top1=429 logprob=0.000000
E2E step 32 pos=540 n=1 pcycles=65809910 us=31929 top1=374 logprob=0.000000
E2E step 33 pos=541 n=1 pcycles=65838368 us=34418 top1=1112 logprob=0.000000
E2E step 34 pos=542 n=1 pcycles=65878929 us=34555 top1=30 logprob=0.000000
E2E step 35 pos=543 n=1 pcycles=65766607 us=34489 top1=4710 logprob=0.000000
E2E step 36 pos=544 n=1 pcycles=66015945 us=32067 top1=32 logprob=0.000000
E2E step 37 pos=545 n=1 pcycles=65987666 us=34589 top1=13 logprob=0.000000
E2E step 38 pos=546 n=1 pcycles=65966754 us=34490 top1=362 logprob=0.000000
E2E step 39 pos=547 n=1 pcycles=65945650 us=34580 top1=52844 logprob=0.000000
E2E step 40 pos=548 n=1 pcycles=65882716 us=34612 top1=1707 logprob=0.000000
E2E step 41 pos=549 n=1 pcycles=66019651 us=34579 top1=315 logprob=0.000000
E2E step 42 pos=550 n=1 pcycles=66049222 us=34631 top1=5821 logprob=0.000000
E2E step 43 pos=551 n=1 pcycles=66115827 us=34662 top1=4378 logprob=0.000000
E2E step 44 pos=552 n=1 pcycles=66061857 us=34651 top1=198 logprob=0.000000
E2E step 45 pos=553 n=1 pcycles=66089867 us=34643 top1=33 logprob=0.000000
E2E step 46 pos=554 n=1 pcycles=66011648 us=34561 top1=13 logprob=0.000000
E2E step 47 pos=555 n=1 pcycles=66116083 us=34657 top1=362 logprob=0.000000
E2E step 48 pos=556 n=1 pcycles=66200090 us=34068 top1=19221 logprob=0.000000
E2E step 49 pos=557 n=1 pcycles=66209738 us=34787 top1=1707 logprob=0.000000
E2E step 50 pos=558 n=1 pcycles=66146845 us=34671 top1=315 logprob=0.000000
E2E step 51 pos=559 n=1 pcycles=66083172 us=34644 top1=5821 logprob=0.000000
E2E step 52 pos=560 n=1 pcycles=66178024 us=32076 top1=4378 logprob=0.000000
E2E step 53 pos=561 n=1 pcycles=66152377 us=34634 top1=198 logprob=0.000000
E2E step 54 pos=562 n=1 pcycles=66190897 us=34698 top1=34 logprob=0.000000
E2E step 55 pos=563 n=1 pcycles=66275244 us=34734 top1=13 logprob=0.000000
E2E step 56 pos=564 n=1 pcycles=66424075 us=32201 top1=362 logprob=0.000000
E2E step 57 pos=565 n=1 pcycles=66394638 us=34765 top1=52844 logprob=0.000000
E2E step 58 pos=566 n=1 pcycles=66397306 us=34712 top1=1707 logprob=0.000000
E2E step 59 pos=567 n=1 pcycles=66445372 us=34861 top1=315 logprob=0.000000
E2E step 60 pos=568 n=1 pcycles=66339584 us=34779 top1=16989 logprob=0.000000
E2E step 61 pos=569 n=1 pcycles=66381628 us=34797 top1=198 logprob=0.000000
E2E step 62 pos=570 n=1 pcycles=66447773 us=34717 top1=35 logprob=0.000000
E2E step 63 pos=571 n=1 pcycles=66540630 us=32024 top1=13 logprob=0.000000
E2E step 64 pos=572 n=1 pcycles=66512695 us=34643 top1=362 logprob=0.000000
E2E step 65 pos=573 n=1 pcycles=66358303 us=34683 top1=19221 logprob=0.000000
E2E step 66 pos=574 n=1 pcycles=66413835 us=34815 top1=1707 logprob=0.000000
E2E gen 13629 43765 279 32011 22172 448 264 8205 15289 11 323 279 5426 6009 1181 11618 1119 279 9788 382 785 21085 374 5326 304 264 1707 429 374 1112 30 4710 32 13 362 52844 1707 315 5821 4378 198 33 13 362 19221 1707 315 5821 4378 198 34 13 362 52844 1707 315 16989 198 35 13 362 19221 1707 315
E2E decode steps=63 median_us=34612 median_pcycles=66089867 pcycles_per_us=1909.4495
E2E wall_ms 5218
